// Vitest Snapshot v1, https://vitest.dev/guide/snapshot.html

exports[`skeletonToElements > golden: 3 nós + 2 setas com labels (snapshot estrutural) 1`] = `
[
  {
    "angle": 0,
    "backgroundColor": "transparent",
    "boundElements": [
      {
        "id": "start__label",
        "type": "text",
      },
      {
        "id": "a1",
        "type": "arrow",
      },
    ],
    "fillStyle": "solid",
    "frameId": null,
    "groupIds": [],
    "height": 70,
    "id": "start",
    "index": "a0",
    "isDeleted": false,
    "link": null,
    "locked": false,
    "opacity": 100,
    "roughness": 1,
    "roundness": null,
    "strokeColor": "#1e1e1e",
    "strokeStyle": "solid",
    "strokeWidth": 2,
    "type": "ellipse",
    "version": 1,
    "width": 180,
    "x": 0,
    "y": 0,
  },
  {
    "angle": 0,
    "autoResize": true,
    "backgroundColor": "transparent",
    "boundElements": [],
    "containerId": "start",
    "fillStyle": "solid",
    "fontFamily": 5,
    "fontSize": 16,
    "frameId": null,
    "groupIds": [],
    "height": 20,
    "id": "start__label",
    "index": "a1",
    "isDeleted": false,
    "lineHeight": 1.25,
    "link": null,
    "locked": false,
    "opacity": 100,
    "originalText": "Start",
    "roughness": 1,
    "roundness": null,
    "strokeColor": "#1e1e1e",
    "strokeStyle": "solid",
    "strokeWidth": 2,
    "text": "Start",
    "textAlign": "center",
    "type": "text",
    "version": 1,
    "verticalAlign": "middle",
    "width": 48,
    "x": 66,
    "y": 25,
  },
  {
    "angle": 0,
    "backgroundColor": "transparent",
    "boundElements": [
      {
        "id": "work__label",
        "type": "text",
      },
      {
        "id": "a1",
        "type": "arrow",
      },
      {
        "id": "a2",
        "type": "arrow",
      },
    ],
    "fillStyle": "solid",
    "frameId": null,
    "groupIds": [],
    "height": 70,
    "id": "work",
    "index": "a2",
    "isDeleted": false,
    "link": null,
    "locked": false,
    "opacity": 100,
    "roughness": 1,
    "roundness": {
      "type": 3,
    },
    "strokeColor": "#1e1e1e",
    "strokeStyle": "solid",
    "strokeWidth": 2,
    "type": "rectangle",
    "version": 1,
    "width": 180,
    "x": 260,
    "y": 0,
  },
  {
    "angle": 0,
    "autoResize": true,
    "backgroundColor": "transparent",
    "boundElements": [],
    "containerId": "work",
    "fillStyle": "solid",
    "fontFamily": 5,
    "fontSize": 16,
    "frameId": null,
    "groupIds": [],
    "height": 20,
    "id": "work__label",
    "index": "a3",
    "isDeleted": false,
    "lineHeight": 1.25,
    "link": null,
    "locked": false,
    "opacity": 100,
    "originalText": "Do work",
    "roughness": 1,
    "roundness": null,
    "strokeColor": "#1e1e1e",
    "strokeStyle": "solid",
    "strokeWidth": 2,
    "text": "Do work",
    "textAlign": "center",
    "type": "text",
    "version": 1,
    "verticalAlign": "middle",
    "width": 67,
    "x": 316.5,
    "y": 25,
  },
  {
    "angle": 0,
    "backgroundColor": "transparent",
    "boundElements": [
      {
        "id": "done__label",
        "type": "text",
      },
      {
        "id": "a2",
        "type": "arrow",
      },
    ],
    "fillStyle": "solid",
    "frameId": null,
    "groupIds": [],
    "height": 70,
    "id": "done",
    "index": "a4",
    "isDeleted": false,
    "link": null,
    "locked": false,
    "opacity": 100,
    "roughness": 1,
    "roundness": null,
    "strokeColor": "#1e1e1e",
    "strokeStyle": "solid",
    "strokeWidth": 2,
    "type": "diamond",
    "version": 1,
    "width": 180,
    "x": 520,
    "y": 0,
  },
  {
    "angle": 0,
    "autoResize": true,
    "backgroundColor": "transparent",
    "boundElements": [],
    "containerId": "done",
    "fillStyle": "solid",
    "fontFamily": 5,
    "fontSize": 16,
    "frameId": null,
    "groupIds": [],
    "height": 20,
    "id": "done__label",
    "index": "a5",
    "isDeleted": false,
    "lineHeight": 1.25,
    "link": null,
    "locked": false,
    "opacity": 100,
    "originalText": "Done?",
    "roughness": 1,
    "roundness": null,
    "strokeColor": "#1e1e1e",
    "strokeStyle": "solid",
    "strokeWidth": 2,
    "text": "Done?",
    "textAlign": "center",
    "type": "text",
    "version": 1,
    "verticalAlign": "middle",
    "width": 48,
    "x": 586,
    "y": 25,
  },
  {
    "angle": 0,
    "backgroundColor": "transparent",
    "boundElements": [
      {
        "id": "a1__label",
        "type": "text",
      },
    ],
    "elbowed": false,
    "endArrowhead": "arrow",
    "endBinding": {
      "elementId": "work",
      "focus": 0,
      "gap": 4,
    },
    "fillStyle": "solid",
    "frameId": null,
    "groupIds": [],
    "height": 0,
    "id": "a1",
    "index": "a6",
    "isDeleted": false,
    "lastCommittedPoint": null,
    "link": null,
    "locked": false,
    "opacity": 100,
    "points": [
      [
        0,
        0,
      ],
      [
        80,
        0,
      ],
    ],
    "roughness": 1,
    "roundness": {
      "type": 2,
    },
    "startArrowhead": null,
    "startBinding": {
      "elementId": "start",
      "focus": 0,
      "gap": 4,
    },
    "strokeColor": "#1e1e1e",
    "strokeStyle": "solid",
    "strokeWidth": 2,
    "type": "arrow",
    "version": 1,
    "width": 80,
    "x": 180,
    "y": 35,
  },
  {
    "angle": 0,
    "autoResize": true,
    "backgroundColor": "transparent",
    "boundElements": [],
    "containerId": "a1",
    "fillStyle": "solid",
    "fontFamily": 5,
    "fontSize": 16,
    "frameId": null,
    "groupIds": [],
    "height": 20,
    "id": "a1__label",
    "index": "a7",
    "isDeleted": false,
    "lineHeight": 1.25,
    "link": null,
    "locked": false,
    "opacity": 100,
    "originalText": "go",
    "roughness": 1,
    "roundness": null,
    "strokeColor": "#1e1e1e",
    "strokeStyle": "solid",
    "strokeWidth": 2,
    "text": "go",
    "textAlign": "center",
    "type": "text",
    "version": 1,
    "verticalAlign": "middle",
    "width": 19,
    "x": 210.5,
    "y": 25,
  },
  {
    "angle": 0,
    "backgroundColor": "transparent",
    "boundElements": [
      {
        "id": "a2__label",
        "type": "text",
      },
    ],
    "elbowed": false,
    "endArrowhead": "arrow",
    "endBinding": {
      "elementId": "done",
      "focus": 0,
      "gap": 4,
    },
    "fillStyle": "solid",
    "frameId": null,
    "groupIds": [],
    "height": 0,
    "id": "a2",
    "index": "a8",
    "isDeleted": false,
    "lastCommittedPoint": null,
    "link": null,
    "locked": false,
    "opacity": 100,
    "points": [
      [
        0,
        0,
      ],
      [
        80,
        0,
      ],
    ],
    "roughness": 1,
    "roundness": {
      "type": 2,
    },
    "startArrowhead": null,
    "startBinding": {
      "elementId": "work",
      "focus": 0,
      "gap": 4,
    },
    "strokeColor": "#1e1e1e",
    "strokeStyle": "solid",
    "strokeWidth": 2,
    "type": "arrow",
    "version": 1,
    "width": 80,
    "x": 440,
    "y": 35,
  },
  {
    "angle": 0,
    "autoResize": true,
    "backgroundColor": "transparent",
    "boundElements": [],
    "containerId": "a2",
    "fillStyle": "solid",
    "fontFamily": 5,
    "fontSize": 16,
    "frameId": null,
    "groupIds": [],
    "height": 20,
    "id": "a2__label",
    "index": "a9",
    "isDeleted": false,
    "lineHeight": 1.25,
    "link": null,
    "locked": false,
    "opacity": 100,
    "originalText": "check",
    "roughness": 1,
    "roundness": null,
    "strokeColor": "#1e1e1e",
    "strokeStyle": "solid",
    "strokeWidth": 2,
    "text": "check",
    "textAlign": "center",
    "type": "text",
    "version": 1,
    "verticalAlign": "middle",
    "width": 48,
    "x": 456,
    "y": 25,
  },
]
`;
